// Jest Snapshot v1, https://goo.gl/fbAQLP

exports[`Todo testing Matches the snapshot 1`] = `
<section>
  <div
    className="option"
    data-testid="todo"
  >
    <div
      className="option-text"
    >
      <p
        style={
          Object {
            "margin": "0",
          }
        }
      />
    </div>
    <div
      className="option-materials"
    >
      <div
        aria-describedby={null}
        className=""
        data-testid="edit"
        onBlur={[Function]}
        onClick={[Function]}
        onFocus={[Function]}
        onMouseLeave={[Function]}
        onMouseOver={[Function]}
        onTouchEnd={[Function]}
        onTouchStart={[Function]}
        title="Edit ToDo"
      >
        <button
          className="MuiButtonBase-root MuiIconButton-root"
          disabled={false}
          onBlur={[Function]}
          onDragLeave={[Function]}
          onFocus={[Function]}
          onKeyDown={[Function]}
          onKeyUp={[Function]}
          onMouseDown={[Function]}
          onMouseLeave={[Function]}
          onMouseUp={[Function]}
          onTouchEnd={[Function]}
          onTouchMove={[Function]}
          onTouchStart={[Function]}
          tabIndex={0}
          type="button"
        >
          <span
            className="MuiIconButton-label"
          >
            <svg
              aria-hidden={true}
              className="MuiSvgIcon-root"
              focusable="false"
              viewBox="0 0 24 24"
            >
              <path
                d="M3 17.25V21h3.75L17.81 9.94l-3.75-3.75L3 17.25zM5.92 19H5v-.92l9.06-9.06.92.92L5.92 19zM20.71 5.63l-2.34-2.34c-.2-.2-.45-.29-.71-.29s-.51.1-.7.29l-1.83 1.83 3.75 3.75 1.83-1.83c.39-.39.39-1.02 0-1.41z"
              />
            </svg>
          </span>
          <span
            className="MuiTouchRipple-root"
          />
        </button>
      </div>
      <div
        aria-describedby={null}
        className=""
        onBlur={[Function]}
        onFocus={[Function]}
        onMouseLeave={[Function]}
        onMouseOver={[Function]}
        onTouchEnd={[Function]}
        onTouchStart={[Function]}
        title="Mark as Complete"
      >
        <button
          className="MuiButtonBase-root MuiIconButton-root"
          disabled={false}
          onBlur={[Function]}
          onDragLeave={[Function]}
          onFocus={[Function]}
          onKeyDown={[Function]}
          onKeyUp={[Function]}
          onMouseDown={[Function]}
          onMouseLeave={[Function]}
          onMouseUp={[Function]}
          onTouchEnd={[Function]}
          onTouchMove={[Function]}
          onTouchStart={[Function]}
          tabIndex={0}
          type="button"
        >
          <span
            className="MuiIconButton-label"
          >
            <div>
              <span
                aria-disabled={false}
                className="MuiButtonBase-root MuiIconButton-root PrivateSwitchBase-root-1 MuiCheckbox-root"
                data-testid="checkbox"
                onBlur={[Function]}
                onClick={[Function]}
                onDragLeave={[Function]}
                onFocus={[Function]}
                onKeyDown={[Function]}
                onKeyUp={[Function]}
                onMouseDown={[Function]}
                onMouseLeave={[Function]}
                onMouseUp={[Function]}
                onTouchEnd={[Function]}
                onTouchMove={[Function]}
                onTouchStart={[Function]}
                tabIndex={null}
              >
                <span
                  className="MuiIconButton-label"
                >
                  <input
                    aria-label="checkbox with default color"
                    checked={false}
                    className="PrivateSwitchBase-input-4"
                    data-indeterminate={false}
                    onChange={[Function]}
                    type="checkbox"
                  />
                  <svg
                    aria-hidden={true}
                    className="MuiSvgIcon-root"
                    focusable="false"
                    viewBox="0 0 24 24"
                  >
                    <path
                      d="M19 5v14H5V5h14m0-2H5c-1.1 0-2 .9-2 2v14c0 1.1.9 2 2 2h14c1.1 0 2-.9 2-2V5c0-1.1-.9-2-2-2z"
                    />
                  </svg>
                </span>
                <span
                  className="MuiTouchRipple-root"
                />
              </span>
            </div>
          </span>
          <span
            className="MuiTouchRipple-root"
          />
        </button>
      </div>
      <div
        aria-describedby={null}
        className=""
        data-testid="delete"
        onBlur={[Function]}
        onFocus={[Function]}
        onMouseLeave={[Function]}
        onMouseOver={[Function]}
        onTouchEnd={[Function]}
        onTouchStart={[Function]}
        title="Delete Todo"
      >
        <button
          className="MuiButtonBase-root MuiIconButton-root"
          disabled={false}
          onBlur={[Function]}
          onDragLeave={[Function]}
          onFocus={[Function]}
          onKeyDown={[Function]}
          onKeyUp={[Function]}
          onMouseDown={[Function]}
          onMouseLeave={[Function]}
          onMouseUp={[Function]}
          onTouchEnd={[Function]}
          onTouchMove={[Function]}
          onTouchStart={[Function]}
          tabIndex={0}
          type="button"
        >
          <span
            className="MuiIconButton-label"
          >
            <svg
              aria-hidden={true}
              className="MuiSvgIcon-root"
              focusable="false"
              viewBox="0 0 24 24"
            >
              <path
                d="M6 19c0 1.1.9 2 2 2h8c1.1 0 2-.9 2-2V7H6v12zM8 9h8v10H8V9zm7.5-5l-1-1h-5l-1 1H5v2h14V4h-3.5z"
              />
            </svg>
          </span>
          <span
            className="MuiTouchRipple-root"
          />
        </button>
      </div>
    </div>
  </div>
</section>
`;
