// Jest Snapshot v1, https://goo.gl/fbAQLP

exports[`EditIcon testing Matches the snapshot 1`] = `
<div
  aria-describedby={null}
  className=""
  data-testid="edit"
  onBlur={[Function]}
  onFocus={[Function]}
  onMouseLeave={[Function]}
  onMouseOver={[Function]}
  onTouchEnd={[Function]}
  onTouchStart={[Function]}
  title="Edit ToDo"
>
  <button
    className="MuiButtonBase-root MuiIconButton-root"
    disabled={false}
    onBlur={[Function]}
    onDragLeave={[Function]}
    onFocus={[Function]}
    onKeyDown={[Function]}
    onKeyUp={[Function]}
    onMouseDown={[Function]}
    onMouseLeave={[Function]}
    onMouseUp={[Function]}
    onTouchEnd={[Function]}
    onTouchMove={[Function]}
    onTouchStart={[Function]}
    tabIndex={0}
    type="button"
  >
    <span
      className="MuiIconButton-label"
    >
      <svg
        aria-hidden={true}
        className="MuiSvgIcon-root"
        focusable="false"
        viewBox="0 0 24 24"
      >
        <path
          d="M3 17.25V21h3.75L17.81 9.94l-3.75-3.75L3 17.25zM5.92 19H5v-.92l9.06-9.06.92.92L5.92 19zM20.71 5.63l-2.34-2.34c-.2-.2-.45-.29-.71-.29s-.51.1-.7.29l-1.83 1.83 3.75 3.75 1.83-1.83c.39-.39.39-1.02 0-1.41z"
        />
      </svg>
    </span>
    <span
      className="MuiTouchRipple-root"
    />
  </button>
</div>
`;
